16 hex8 18645.7 1.8426 1.8426 0.0
16 hex8I 18628.5 1.875 1.875 0.0
16 proy 18706.5 1.8224 1.8224 0.067
16 proyI 18690.9 1.8628 1.8628 0.067
24 hex8 18561.4 1.9427 1.9427 0.0
24 hex8I 18550.8 1.9763 1.9763 0.0
24 proy 18656.1 1.9074 1.9074 0.141
24 proyI 18647.2 1.9338 1.9338 0.141
32 hex8 18645.2 1.8775 1.8775 0.0
32 hex8I 18638.1 1.8949 1.8949 0.0
32 proy 18650.9 1.9772 1.9772 -0.031
32 proyI 18645.7 1.9944 1.9944 -0.031
40 hex8 18599.0 2.1606 2.1606 0.0
40 hex8I 18593.1 2.1814 2.1814 0.0
40 proy 18647.5 2.0936 2.0722 0.063
40 proyI 18643.3 2.126 2.1033 0.063
48 hex8 18647.7 2.0311 2.0176 0.0
48 hex8I 18643.0 2.0367 2.0236 0.0
48 proy 18656.7 2.0564 2.04 -0.02
48 proyI 18653.9 2.07 2.0533 -0.02
