None 20 hex8 BV/TV 0.2785 err -3.6 dV 0.0
None 20 hex8I BV/TV 0.2785 err -13.6 dV 0.0
None 20 proyI_nearest BV/TV 0.2785 err -17.2 dV -5.83
None 20 hex8I_mayoria BV/TV 0.2565 err -29.3 dV 0.0
None 20 proyI_mayoria BV/TV 0.2565 err -23.8 dV -2.24
None 24 hex8 BV/TV 0.2801 err 1.1 dV 0.0
None 24 hex8I BV/TV 0.2801 err -6.7 dV 0.0
None 24 proyI_nearest BV/TV 0.2801 err -7.0 dV -3.29
None 24 hex8I_mayoria BV/TV 0.2709 err -20.3 dV 0.0
None 24 proyI_mayoria BV/TV 0.2709 err -13.8 dV -2.08
None 32 hex8 BV/TV 0.2837 err 7.4 dV 0.0
None 32 hex8I BV/TV 0.2837 err 2.0 dV 0.0
None 32 proyI_nearest BV/TV 0.2837 err 0.9 dV -2.55
None 32 hex8I_mayoria BV/TV 0.2695 err -22.6 dV 0.0
None 32 proyI_mayoria BV/TV 0.2695 err -11.7 dV -0.19
None 40 hex8 BV/TV 0.2734 err -11.4 dV 0.0
None 40 hex8I BV/TV 0.2734 err -14.8 dV 0.0
None 40 proyI_nearest BV/TV 0.2734 err -4.8 dV 0.23
None 40 hex8I_mayoria BV/TV 0.2697 err -20.1 dV 0.0
None 40 proyI_mayoria BV/TV 0.2697 err -8.7 dV 0.38
None 48 hex8 BV/TV 0.2778 err -10.9 dV 0.0
None 48 hex8I BV/TV 0.2778 err -13.6 dV 0.0
None 48 proyI_nearest BV/TV 0.2778 err -4.9 dV -0.63
None 48 hex8I_mayoria BV/TV 0.2718 err -15.3 dV 0.0
None 48 proyI_mayoria BV/TV 0.2718 err -6.0 dV 0.34
8.0 20 hex8 BV/TV 0.2789 err -6.8 dV 0.0
8.0 20 hex8I BV/TV 0.2789 err -16.5 dV 0.0
8.0 20 proyI_nearest BV/TV 0.2789 err -13.7 dV -6.33
8.0 20 hex8I_mayoria BV/TV 0.2536 err -32.0 dV 0.0
8.0 20 proyI_mayoria BV/TV 0.2536 err -19.7 dV -2.21
8.0 24 hex8 BV/TV 0.2826 err 4.0 dV 0.0
8.0 24 hex8I BV/TV 0.2826 err -4.2 dV 0.0
8.0 24 proyI_nearest BV/TV 0.2826 err -4.8 dV -4.46
8.0 24 hex8I_mayoria BV/TV 0.2633 err -25.3 dV 0.0
8.0 24 proyI_mayoria BV/TV 0.2633 err -18.7 dV -1.36
8.0 32 hex8 BV/TV 0.2839 err 10.6 dV 0.0
8.0 32 hex8I BV/TV 0.2839 err 4.8 dV 0.0
8.0 32 proyI_nearest BV/TV 0.2839 err -0.7 dV -3.4
8.0 32 hex8I_mayoria BV/TV 0.2631 err -29.1 dV 0.0
8.0 32 proyI_mayoria BV/TV 0.2631 err -17.3 dV 0.02
8.0 40 hex8 BV/TV 0.2738 err -11.2 dV 0.0
8.0 40 hex8I BV/TV 0.2738 err -14.7 dV 0.0
8.0 40 proyI_nearest BV/TV 0.2738 err -8.3 dV -1.18
8.0 40 hex8I_mayoria BV/TV 0.2632 err -26.3 dV 0.0
8.0 40 proyI_mayoria BV/TV 0.2632 err -14.9 dV 0.48
8.0 48 hex8 BV/TV 0.2779 err -13.1 dV 0.0
8.0 48 hex8I BV/TV 0.2779 err -15.9 dV 0.0
8.0 48 proyI_nearest BV/TV 0.2779 err -8.4 dV -1.77
8.0 48 hex8I_mayoria BV/TV 0.266 err -19.5 dV 0.0
8.0 48 proyI_mayoria BV/TV 0.266 err -12.0 dV 0.21
